// Jest Snapshot v1, https://goo.gl/fbAQLP

exports[`<ActorInfoUI /> should render correctly 1`] = `"<div class=\\"aboutActor\\"><img class=\\"profileImg\\" alt=\\"name\\" src=\\"img\\"/><div><p class=\\"actorInfo\\"><b>Name: </b>name</p><p class=\\"actorInfo\\"><b>Biography: </b>biography</p></div></div>"`;
