// Jest Snapshot v1, https://goo.gl/fbAQLP

exports[`<EditFilmForm /> should render correctly 1`] = `"<form class=\\"editForm\\"><label>Title:<input type=\\"text\\" name=\\"title\\" value=\\"\\"/></label><label>Img url:<input type=\\"text\\" name=\\"posterUrl\\" value=\\"\\"/></label><label>Director:<input type=\\"text\\" name=\\"director\\" value=\\"\\"/></label><label>Genres:<input type=\\"text\\" name=\\"genres\\" value=\\"\\"/></label><label>Description:<textarea name=\\"description\\" type=\\"text\\"></textarea></label><div class=\\"buttons\\"><button>Submit</button><button type=\\"button\\">Go back</button></div></form>"`;

exports[`<EditFilmForm /> should render correctly 2`] = `"<form class=\\"editForm\\"><label>Title:<input type=\\"text\\" name=\\"title\\" value=\\"\\"/></label><label>Img url:<input type=\\"text\\" name=\\"posterUrl\\" value=\\"\\"/></label><label>Director:<input type=\\"text\\" name=\\"director\\" value=\\"\\"/></label><label>Genres:<input type=\\"text\\" name=\\"genres\\" value=\\"\\"/></label><label>Description:<textarea name=\\"description\\" type=\\"text\\"></textarea></label><div class=\\"buttons\\"><button>Submit</button><button type=\\"button\\">Go back</button></div></form>"`;
