// Jest Snapshot v1, https://goo.gl/fbAQLP

exports[`<NotFoundPage /> should render correctly 1`] = `"<div class=\\"main\\"><h1 class=\\"text\\">Page not found</h1></div>"`;

exports[`<NotFoundPage /> should text has correct class 1`] = `"<div class=\\"main\\"><h1 class=\\"text\\">Page not found</h1></div>"`;
