// Jest Snapshot v1, https://goo.gl/fbAQLP

exports[`<Sorting /> should render correctly 1`] = `"<div class=\\"sorting\\"><h3>Sort movies: </h3><button type=\\"button\\">Sort by likes</button><button type=\\"button\\">Sort by rating</button><button type=\\"button\\">Reset filters</button><form class=\\"search\\"><button type=\\"submit\\" class=\\"search\\"></button><input name=\\"search\\" type=\\"search\\" placeholder=\\"Search\\" value=\\"\\"></form></div>"`;
